[previews.aspirity.com/danny/index.html]
[backblue.gif]
[fade.gif]
[index.html]
[previews.aspirity.com/danny/css/master.css]
[previews.aspirity.com/danny/assets/switcher/css/switcher.css]
[previews.aspirity.com/danny/assets/switcher/css/color1.css]
[previews.aspirity.com/danny/assets/switcher/css/color2.css]
[mc.yandex.ru/metrika/watch.js]
[previews.aspirity.com/danny/media/hello-section/image.jpg]
[previews.aspirity.com/danny/media/portfolio-images/portfolio-1.jpg]
[previews.aspirity.com/danny/media/portfolio-images/portfolio-2.jpg]
[previews.aspirity.com/danny/media/portfolio-images/portfolio-3.jpg]
[previews.aspirity.com/danny/media/portfolio-images/portfolio-4.jpg]
[previews.aspirity.com/danny/media/portfolio-images/portfolio-5.jpg]
[previews.aspirity.com/danny/media/portfolio-images/portfolio-6.jpg]
[previews.aspirity.com/danny/media/portfolio-images/portfolio-7.jpg]
[previews.aspirity.com/danny/media/portfolio-images/portfolio-8.jpg]
[previews.aspirity.com/danny/media/modal-images/modal-image-1.jpg]
[previews.aspirity.com/danny/media/modal-images/modal-image-2.jpg]
[previews.aspirity.com/danny/js/jquery-2.2.3.min.js]
[previews.aspirity.com/danny/js/bootstrap.min.js]
[previews.aspirity.com/danny/js/jquery.placeholder.min.js]
[previews.aspirity.com/danny/assets/switcher/js/dmss.js]
[previews.aspirity.com/danny/assets/mixitup-v3/dist/mixitup.min.js]
[previews.aspirity.com/danny/assets/custom-select/custom-select.js]
[previews.aspirity.com/danny/js/wow.min.js]
[previews.aspirity.com/danny/js/theme.js]
[previews.aspirity.com/danny/index.html]
[previews.aspirity.com/danny/css/font-awesome.min.css]
[previews.aspirity.com/danny/css/animate.css]
[previews.aspirity.com/danny/css/typography.css]
[previews.aspirity.com/danny/css/bootstrap.min.css]
[previews.aspirity.com/danny/css/theme.css]
[previews.aspirity.com/danny/css/responsive.css]
[previews.aspirity.com/danny/css/color.css]
[previews.aspirity.com/danny/css/master.css]
[previews.aspirity.com/danny/assets/switcher/css/switcher.css]
[previews.aspirity.com/danny/assets/switcher/css/color1.css]
[previews.aspirity.com/danny/assets/switcher/css/color2.css]
[previews.aspirity.com/danny/get]
[previews.aspirity.com/danny/path]
[mc.yandex.ru/metrika/watch.js]
[previews.aspirity.com/danny/fonts/fontawesome-webfont5b62.eot]
[previews.aspirity.com/danny/awaps.yandex.net/index.html]
[previews.aspirity.com/danny/fonts/fontawesome-webfontd41d.eot]
[previews.aspirity.com/danny/fonts/fontawesome-webfont5b62.woff]
[previews.aspirity.com/danny/fonts/fontawesome-webfont5b62.ttf]
[previews.aspirity.com/danny/css/font-awesome.min.css]
[previews.aspirity.com/danny/css/animate.css]
[previews.aspirity.com/danny/fonts/glyphicons-halflings-regular.eot]
[previews.aspirity.com/danny/fonts/glyphicons-halflings-regulard41d.eot]
[previews.aspirity.com/danny/fonts/glyphicons-halflings-regular.woff2]
[previews.aspirity.com/danny/fonts/glyphicons-halflings-regular.woff]
[previews.aspirity.com/danny/fonts/glyphicons-halflings-regular.ttf]
[previews.aspirity.com/danny/fonts/glyphicons-halflings-regular.svg]
[previews.aspirity.com/danny/css/bootstrap.min.css]
[previews.aspirity.com/danny/css/typography.css]
[previews.aspirity.com/danny/css/theme.css]
[previews.aspirity.com/danny/css/responsive.css]
[previews.aspirity.com/danny/css/color.css]
[previews.aspirity.com/danny/css/custom.css]
[previews.aspirity.com/danny/get.html]
[previews.aspirity.com/danny/path.html]
[previews.aspirity.com/danny/awaps.yandex.net/index.html]
[previews.aspirity.com/danny/fonts/fontawesome-webfont5b62.html]
[previews.aspirity.com/danny/fonts/fontawesome-webfont5b62.svg]
[previews.aspirity.com/danny/fonts/glyphicons-halflings-regular.html]
[previews.aspirity.com/danny/fonts/glyphicons-halflings-regulard41d.html]
[previews.aspirity.com/danny/fonts/glyphicons-halflings-regular-2.html]
[previews.aspirity.com/danny/fonts/glyphicons-halflings-regular-3.html]
[previews.aspirity.com/danny/fonts/glyphicons-halflings-regular-4.html]
[previews.aspirity.com/danny/fonts/glyphicons-halflings-regular-5.html]
